// Jest Snapshot v1, https://goo.gl/fbAQLP

exports[`StoryGrid component should match snapshot 1`] = `[Function]`;
