// Jest Snapshot v1, https://goo.gl/fbAQLP

exports[`Network component should match snapshot 1`] = `[Function]`;
