// Jest Snapshot v1, https://goo.gl/fbAQLP

exports[`Store component renders Provider 1`] = `[Function]`;
