// Jest Snapshot v1, https://goo.gl/fbAQLP

exports[`Gateway component should match snapshot 1`] = `[Function]`;
